cargo :     Finished `test` profile 
[unoptimized + debuginfo] target(s) in 0.27s
At line:1 char:1
+ cargo test -p metasearch-engine --test 
test_diagnose -- --nocapture 2 ...
+ ~~~~~~~~~~~~~~~~~~~~~~~~~~~~~~~~~~~~~~~~~~
~~~~~~~~~~~~~~~~~~~~~~~~~~~
    + CategoryInfo          : NotSpecified: 
(        Finished `t...get(s) in 
0.27s:String) [],     RemoteException
    + FullyQualifiedErrorId : 
NativeCommandErro    r
 
     Running tests\test_diagnose.rs (target\
debug\deps\test_diagnose-da1fec2b349245e6.ex
e)

running 1 test

=== WORKING: 113 ===

=== EMPTY (69) ===
  EMPTY: 1337x
  EMPTY: CurrencyConvert
  EMPTY: Elasticsearch
  EMPTY: Google News
  EMPTY: Google Videos
  EMPTY: Invidious
  EMPTY: MeiliSearch
  EMPTY: Searchcode
  EMPTY: TinEye
  EMPTY: Tokyo Toshokan
  EMPTY: acfun
  EMPTY: ahmia
  EMPTY: annas_archive
  EMPTY: apkmirror
  EMPTY: archlinux
  EMPTY: azure
  EMPTY: baidu
  EMPTY: base_search
  EMPTY: bt4g
  EMPTY: btdigg
  EMPTY: chinaso
  EMPTY: cloudflareai
  EMPTY: deepl
  EMPTY: deviantart
  EMPTY: discourse
  EMPTY: dokuwiki
  EMPTY: duckduckgo_definitions
  EMPTY: ebay
  EMPTY: flickr_noapi
  EMPTY: fyyd
  EMPTY: geizhals
  EMPTY: google
  EMPTY: kickass
  EMPTY: libretranslate
  EMPTY: lingva
  EMPTY: mediawiki
  EMPTY: mojeek
  EMPTY: mozhi
  EMPTY: mrs
  EMPTY: naver
  EMPTY: niconico
  EMPTY: ollama
  EMPTY: opensemantic
  EMPTY: piped
  EMPTY: podcastindex
  EMPTY: public_domain_image_archive
  EMPTY: pypi
  EMPTY: qwant
  EMPTY: recoll
  EMPTY: reddit
  EMPTY: reuters
  EMPTY: rumble
  EMPTY: scanr_structures
  EMPTY: searchcode_code
  EMPTY: searx_engine
  EMPTY: selfhst
  EMPTY: semantic_scholar
  EMPTY: senscritique
  EMPTY: seznam
  EMPTY: solr
  EMPTY: sourcehut
  EMPTY: svgrepo
  EMPTY: tagesschau
  EMPTY: torznab
  EMPTY: tubearchivist
  EMPTY: vimeo
  EMPTY: yacy
  EMPTY: yandex
  EMPTY: zlibrary

=== ERRORS (26) ===
  ERROR: 360search => HTTP request failed: error following redirect for url (https://www.so.com/s?pn=1&q=test)
  ERROR: DictZone => Engine error: DictZone request error: error sending request for url (https://dictzone.com/english-german-dictionary/test)
  ERROR: adobe_stock => Parse error: error decoding response body
  ERROR: astrophysics_data_system => Engine 'astrophysics_data_system' failed: No API key configured. Get one at https://ui.adsabs.harvard.edu/help/api
  ERROR: braveapi => Engine 'braveapi' failed: No API key configured. Get one at https://api-dashboard.search.brave.com/
  ERROR: core => Engine 'core' failed: No API key configured. Register at https://core.ac.uk/services/api
  ERROR: crates_io => TIMEOUT (8s)
  ERROR: digbt => HTTP request failed: error sending request for url (https://digbt.org/search/test-time-1)
  ERROR: duckduckgo_extra => Parse error: JSON parse: expected value at line 1 column 1
  ERROR: freesound => Configuration error: Freesound requires an API key. Get one at https://freesound.org/apiv2/apply/
  ERROR: google_scholar => Engine 'google_scholar' failed: Google Scholar captcha detected
  ERROR: lib_rs => TIMEOUT (8s)
  ERROR: livespace => HTTP request failed: live.space unreachable
  ERROR: marginalia => Engine 'marginalia' failed: No API key configured. Get one at https://about.marginalia-search.com/article/api/
  ERROR: openclipart => TIMEOUT (8s)
  ERROR: pexels => Engine 'pexels' failed: No API key configured
  ERROR: presearch => Parse error: JSON error: error decoding response body
  ERROR: solidtorrents => TIMEOUT (8s)
  ERROR: spotify => Configuration error: Spotify requires api_client_id and api_client_secret
  ERROR: springer => Engine 'springer' failed: No API key configured. Get one at https://dev.springernature.com/subscription/
  ERROR: stract => Engine error: Stract parse failed: error decoding response body
  ERROR: wolframalpha_api => Engine 'wolframalpha_api' failed: No API key configured. Get one at https://developer.wolframalpha.com/
  ERROR: wolframalpha_noapi => TIMEOUT (8s)
  ERROR: wttr => TIMEOUT (8s)
  ERROR: yep => Parse error: error decoding response body
  ERROR: youtube_api => Engine 'youtube_api' failed: No API key configured. Get one at https://console.developers.google.com/
test diagnose_all_engines ... ok

test result: ok. 1 passed; 0 failed; 0 ignored; 0 measured; 0 filtered out; finished in 8.03s

